[2026-03-31T01:01:11.940Z] 
🎰 Nightly Crypto Casino Streamer Scraper
[2026-03-31T01:01:11.953Z] 📅 3/31/2026, 3:01:11 AM

[2026-03-31T01:01:11.953Z] 📊 Found 20 existing streamers

[2026-03-31T01:01:11.953Z] 
🎮 xQc
[2026-03-31T01:01:11.954Z] 🔍 Fetching Kick followers for xqc
[2026-03-31T01:01:11.954Z] 🔍 Fetching Twitch followers for xqc
[2026-03-31T01:01:11.954Z] 🔍 Fetching Twitter followers for @xQc
[2026-03-31T01:01:11.954Z]   ✓ Added Twitter: @xQc
[2026-03-31T01:01:11.954Z]   ✓ Added Kick: xqc
[2026-03-31T01:01:11.954Z]   ✓ Added country: Canada
[2026-03-31T01:01:11.954Z] 
🎮 Trainwreckstv
[2026-03-31T01:01:11.954Z] 🔍 Fetching Kick followers for trainwreckstv
[2026-03-31T01:01:11.954Z] 🔍 Fetching Twitter followers for @Trainwreckstv
[2026-03-31T01:01:11.954Z]   ✓ Added Twitter: @Trainwreckstv
[2026-03-31T01:01:11.954Z]   ✓ Added Kick: trainwreckstv
[2026-03-31T01:01:11.954Z]   ✓ Added country: USA
[2026-03-31T01:01:11.954Z] 
🎮 Adin Ross
[2026-03-31T01:01:11.954Z] 🔍 Fetching Kick followers for adinross
[2026-03-31T01:01:11.954Z] 🔍 Fetching Twitter followers for @adinross
[2026-03-31T01:01:11.955Z]   ✓ Added Twitter: @adinross
[2026-03-31T01:01:11.955Z]   ✓ Added Kick: adinross
[2026-03-31T01:01:11.955Z]   ✓ Added country: USA
[2026-03-31T01:01:11.955Z] 
🎮 Roshtein
[2026-03-31T01:01:11.955Z] 🔍 Fetching Kick followers for roshtein
[2026-03-31T01:01:11.955Z] 🔍 Fetching Twitch followers for roshtein
[2026-03-31T01:01:11.955Z] 🔍 Fetching Twitter followers for @roshtein
[2026-03-31T01:01:11.955Z]   ✓ Added Twitter: @roshtein
[2026-03-31T01:01:11.955Z]   ✓ Added Kick: roshtein
[2026-03-31T01:01:11.955Z]   ✓ Added country: Sweden
[2026-03-31T01:01:11.955Z] 
🎮 Mellstroy
[2026-03-31T01:01:11.955Z] 🔍 Fetching Kick followers for mellstroy
[2026-03-31T01:01:11.955Z]   ✓ Added Kick: mellstroy
[2026-03-31T01:01:11.955Z] 🔍 Detecting partnership for mellstroy
[2026-03-31T01:01:11.955Z]   ✓ Added country: Russia
[2026-03-31T01:01:11.955Z] 
🎮 Jynxzi
[2026-03-31T01:01:11.955Z] 🔍 Fetching Twitch followers for jynxzi
[2026-03-31T01:01:11.955Z] 🔍 Detecting partnership for jynxzi
[2026-03-31T01:01:11.955Z]   ✓ Added country: USA
[2026-03-31T01:01:11.955Z] 
🎮 Nickmercs
[2026-03-31T01:01:11.955Z] 🔍 Fetching Kick followers for nickmercs
[2026-03-31T01:01:11.955Z] 🔍 Fetching Twitter followers for @nickmercs
[2026-03-31T01:01:11.955Z]   ✓ Added Twitter: @nickmercs
[2026-03-31T01:01:11.955Z]   ✓ Added Kick: nickmercs
[2026-03-31T01:01:11.955Z]   ✓ Added country: USA
[2026-03-31T01:01:11.955Z] 
🎮 Wassimostv
[2026-03-31T01:01:11.955Z] 🔍 Fetching Kick followers for wassimostv
[2026-03-31T01:01:11.956Z] 🔍 Fetching Twitter followers for @wassimostv
[2026-03-31T01:01:11.956Z]   ✓ Added Twitter: @wassimostv
[2026-03-31T01:01:11.956Z]   ✓ Added Kick: wassimostv
[2026-03-31T01:01:11.956Z]   ✓ Added country: Qatar
[2026-03-31T01:01:11.956Z] ⚠️ No database entry for LosPollosTV
[2026-03-31T01:01:11.956Z] 
🎮 Pokerface
[2026-03-31T01:01:11.956Z] 🔍 Fetching Twitch followers for pokerface
[2026-03-31T01:01:11.956Z] 🔍 Detecting partnership for pokerface
[2026-03-31T01:01:11.956Z]   ✓ Added country: USA
[2026-03-31T01:01:11.956Z] 
🎮 BakaPrase
[2026-03-31T01:01:11.956Z] 🔍 Fetching Kick followers for bakaprase
[2026-03-31T01:01:11.956Z] 🔍 Fetching Twitter followers for @BakaPrase
[2026-03-31T01:01:11.956Z] 
🎮 Adrianozendejas32
[2026-03-31T01:01:11.956Z] 🔍 Fetching Kick followers for adrianozendejas32
[2026-03-31T01:01:11.956Z] 🔍 Fetching Twitter followers for @adrianozendejas
[2026-03-31T01:01:11.956Z] 
🎮 Westcol
[2026-03-31T01:01:11.956Z] 🔍 Fetching Kick followers for westcol
[2026-03-31T01:01:11.956Z] 🔍 Fetching Twitter followers for @WestCOL
[2026-03-31T01:01:11.956Z] 
🎮 Clavicular
[2026-03-31T01:01:11.956Z] 🔍 Fetching Kick followers for clavicular
[2026-03-31T01:01:11.956Z] 🔍 Fetching Twitter followers for @Clavicular0
[2026-03-31T01:01:11.956Z] 
🎮 Willito
[2026-03-31T01:01:11.956Z] 🔍 Fetching Kick followers for willito
[2026-03-31T01:01:11.956Z] 🔍 Fetching Twitter followers for @willitooo_
[2026-03-31T01:01:11.956Z] 🔍 Detecting partnership for willito
[2026-03-31T01:01:11.956Z] 
🎮 Peller
[2026-03-31T01:01:11.956Z] 🔍 Fetching Kick followers for peller
[2026-03-31T01:01:11.957Z] 🔍 Fetching Twitter followers for @Peller089
[2026-03-31T01:01:11.957Z] 
🎮 Lasapaaaaa
[2026-03-31T01:01:11.957Z] 🔍 Fetching Kick followers for lasapaaaaa
[2026-03-31T01:01:11.957Z] 🔍 Fetching Twitter followers for @leandroloaizam
[2026-03-31T01:01:11.957Z] 
🎮 Wassimostv
[2026-03-31T01:01:11.957Z] 🔍 Fetching Kick followers for wassimostv
[2026-03-31T01:01:11.957Z] 🔍 Fetching Twitter followers for @wassimostv
[2026-03-31T01:01:11.957Z] 
🎮 Ismaelsanchez18
[2026-03-31T01:01:11.957Z] 🔍 Fetching Kick followers for ismaelsanchez18
[2026-03-31T01:01:11.957Z] 🔍 Detecting partnership for ismaelsanchez18
[2026-03-31T01:01:11.957Z] 
🎮 Chanty
[2026-03-31T01:01:11.957Z] 🔍 Fetching Kick followers for chanty
[2026-03-31T01:01:11.957Z] 🔍 Detecting partnership for chanty
[2026-03-31T01:01:11.957Z] 
✅ Scrape complete!
[2026-03-31T01:01:11.957Z]    Updated: 22 fields
[2026-03-31T01:01:11.957Z]    Discovered: 0 new streamers
[2026-03-31T01:01:11.957Z] 
📊 Market dominance:
[2026-03-31T01:01:11.957Z]    Stake: 10
[2026-03-31T01:01:11.957Z]    Shuffle: 2
[2026-03-31T01:01:11.957Z]    Vavada: 1
[2026-03-31T01:01:11.957Z]    Others: 7
[2026-03-31T01:01:11.957Z] 
💾 Saved to /Users/brandonkatz/.openclaw/workspace/crypto-casino-intel/data.json
[2026-04-01T01:18:30.232Z] 
🎰 Nightly Crypto Casino Streamer Scraper
[2026-04-01T01:18:30.245Z] 📅 4/1/2026, 3:18:30 AM

[2026-04-01T01:18:30.245Z] 📊 Found 20 existing streamers

[2026-04-01T01:18:30.245Z] 
🎮 xQc
[2026-04-01T01:18:30.246Z] 🔍 Fetching Kick followers for xqc
[2026-04-01T01:18:30.246Z] 🔍 Fetching Twitch followers for xqc
[2026-04-01T01:18:30.246Z] 🔍 Fetching Twitter followers for @xQc
[2026-04-01T01:18:30.246Z] 
🎮 Trainwreckstv
[2026-04-01T01:18:30.246Z] 🔍 Fetching Kick followers for trainwreckstv
[2026-04-01T01:18:30.246Z] 🔍 Fetching Twitter followers for @Trainwreckstv
[2026-04-01T01:18:30.246Z] 
🎮 Adin Ross
[2026-04-01T01:18:30.246Z] 🔍 Fetching Kick followers for adinross
[2026-04-01T01:18:30.246Z] 🔍 Fetching Twitter followers for @adinross
[2026-04-01T01:18:30.246Z] 
🎮 Roshtein
[2026-04-01T01:18:30.246Z] 🔍 Fetching Kick followers for roshtein
[2026-04-01T01:18:30.246Z] 🔍 Fetching Twitch followers for roshtein
[2026-04-01T01:18:30.246Z] 🔍 Fetching Twitter followers for @roshtein
[2026-04-01T01:18:30.246Z] 
🎮 Mellstroy
[2026-04-01T01:18:30.246Z] 🔍 Fetching Kick followers for mellstroy
[2026-04-01T01:18:30.247Z] 🔍 Detecting partnership for mellstroy
[2026-04-01T01:18:30.247Z] 
🎮 Jynxzi
[2026-04-01T01:18:30.247Z] 🔍 Fetching Twitch followers for jynxzi
[2026-04-01T01:18:30.247Z] 🔍 Detecting partnership for jynxzi
[2026-04-01T01:18:30.247Z] 
🎮 Nickmercs
[2026-04-01T01:18:30.247Z] 🔍 Fetching Kick followers for nickmercs
[2026-04-01T01:18:30.247Z] 🔍 Fetching Twitter followers for @nickmercs
[2026-04-01T01:18:30.247Z] 
🎮 Wassimostv
[2026-04-01T01:18:30.247Z] 🔍 Fetching Kick followers for wassimostv
[2026-04-01T01:18:30.247Z] 🔍 Fetching Twitter followers for @wassimostv
[2026-04-01T01:18:30.247Z] ⚠️ No database entry for LosPollosTV
[2026-04-01T01:18:30.247Z] 
🎮 Pokerface
[2026-04-01T01:18:30.247Z] 🔍 Fetching Twitch followers for pokerface
[2026-04-01T01:18:30.247Z] 🔍 Detecting partnership for pokerface
[2026-04-01T01:18:30.247Z] 
🎮 BakaPrase
[2026-04-01T01:18:30.247Z] 🔍 Fetching Kick followers for bakaprase
[2026-04-01T01:18:30.247Z] 🔍 Fetching Twitter followers for @BakaPrase
[2026-04-01T01:18:30.247Z] 
🎮 Adrianozendejas32
[2026-04-01T01:18:30.247Z] 🔍 Fetching Kick followers for adrianozendejas32
[2026-04-01T01:18:30.247Z] 🔍 Fetching Twitter followers for @adrianozendejas
[2026-04-01T01:18:30.247Z] 
🎮 Westcol
[2026-04-01T01:18:30.247Z] 🔍 Fetching Kick followers for westcol
[2026-04-01T01:18:30.247Z] 🔍 Fetching Twitter followers for @WestCOL
[2026-04-01T01:18:30.247Z] 
🎮 Clavicular
[2026-04-01T01:18:30.248Z] 🔍 Fetching Kick followers for clavicular
[2026-04-01T01:18:30.248Z] 🔍 Fetching Twitter followers for @Clavicular0
[2026-04-01T01:18:30.248Z] 
🎮 Willito
[2026-04-01T01:18:30.248Z] 🔍 Fetching Kick followers for willito
[2026-04-01T01:18:30.248Z] 🔍 Fetching Twitter followers for @willitooo_
[2026-04-01T01:18:30.248Z] 🔍 Detecting partnership for willito
[2026-04-01T01:18:30.248Z] 
🎮 Peller
[2026-04-01T01:18:30.248Z] 🔍 Fetching Kick followers for peller
[2026-04-01T01:18:30.248Z] 🔍 Fetching Twitter followers for @Peller089
[2026-04-01T01:18:30.248Z] 
🎮 Lasapaaaaa
[2026-04-01T01:18:30.248Z] 🔍 Fetching Kick followers for lasapaaaaa
[2026-04-01T01:18:30.248Z] 🔍 Fetching Twitter followers for @leandroloaizam
[2026-04-01T01:18:30.248Z] 
🎮 Wassimostv
[2026-04-01T01:18:30.248Z] 🔍 Fetching Kick followers for wassimostv
[2026-04-01T01:18:30.248Z] 🔍 Fetching Twitter followers for @wassimostv
[2026-04-01T01:18:30.248Z] 
🎮 Ismaelsanchez18
[2026-04-01T01:18:30.248Z] 🔍 Fetching Kick followers for ismaelsanchez18
[2026-04-01T01:18:30.248Z] 🔍 Detecting partnership for ismaelsanchez18
[2026-04-01T01:18:30.248Z] 
🎮 Chanty
[2026-04-01T01:18:30.248Z] 🔍 Fetching Kick followers for chanty
[2026-04-01T01:18:30.248Z] 🔍 Detecting partnership for chanty
[2026-04-01T01:18:30.249Z] 
✅ Scrape complete!
[2026-04-01T01:18:30.249Z]    Updated: 0 fields
[2026-04-01T01:18:30.249Z]    Discovered: 0 new streamers
[2026-04-01T01:18:30.249Z] 
📊 Market dominance:
[2026-04-01T01:18:30.249Z]    Stake: 10
[2026-04-01T01:18:30.249Z]    Shuffle: 2
[2026-04-01T01:18:30.249Z]    Vavada: 1
[2026-04-01T01:18:30.249Z]    Others: 7
[2026-04-01T01:18:30.249Z] 
💾 Saved to /Users/brandonkatz/.openclaw/workspace/crypto-casino-intel/data.json
[2026-04-05T01:02:12.267Z] 
🎰 Nightly Crypto Casino Streamer Scraper
[2026-04-05T01:02:12.282Z] 📅 4/5/2026, 3:02:12 AM

[2026-04-05T01:02:12.282Z] 📊 Found 20 existing streamers

[2026-04-05T01:02:12.283Z] 
🎮 xQc
[2026-04-05T01:02:12.283Z] 🔍 Fetching Kick followers for xqc
[2026-04-05T01:02:12.283Z] 🔍 Fetching Twitch followers for xqc
[2026-04-05T01:02:12.283Z] 🔍 Fetching Twitter followers for @xQc
[2026-04-05T01:02:12.283Z] 
🎮 Trainwreckstv
[2026-04-05T01:02:12.283Z] 🔍 Fetching Kick followers for trainwreckstv
[2026-04-05T01:02:12.283Z] 🔍 Fetching Twitter followers for @Trainwreckstv
[2026-04-05T01:02:12.283Z] 
🎮 Adin Ross
[2026-04-05T01:02:12.283Z] 🔍 Fetching Kick followers for adinross
[2026-04-05T01:02:12.283Z] 🔍 Fetching Twitter followers for @adinross
[2026-04-05T01:02:12.283Z] 
🎮 Roshtein
[2026-04-05T01:02:12.283Z] 🔍 Fetching Kick followers for roshtein
[2026-04-05T01:02:12.283Z] 🔍 Fetching Twitch followers for roshtein
[2026-04-05T01:02:12.284Z] 🔍 Fetching Twitter followers for @roshtein
[2026-04-05T01:02:12.284Z] 
🎮 Mellstroy
[2026-04-05T01:02:12.284Z] 🔍 Fetching Kick followers for mellstroy
[2026-04-05T01:02:12.284Z] 🔍 Detecting partnership for mellstroy
[2026-04-05T01:02:12.284Z] 
🎮 Jynxzi
[2026-04-05T01:02:12.284Z] 🔍 Fetching Twitch followers for jynxzi
[2026-04-05T01:02:12.284Z] 🔍 Detecting partnership for jynxzi
[2026-04-05T01:02:12.284Z] 
🎮 Nickmercs
[2026-04-05T01:02:12.284Z] 🔍 Fetching Kick followers for nickmercs
[2026-04-05T01:02:12.284Z] 🔍 Fetching Twitter followers for @nickmercs
[2026-04-05T01:02:12.284Z] 
🎮 Wassimostv
[2026-04-05T01:02:12.284Z] 🔍 Fetching Kick followers for wassimostv
[2026-04-05T01:02:12.284Z] 🔍 Fetching Twitter followers for @wassimostv
[2026-04-05T01:02:12.410Z] ⚠️ No database entry for LosPollosTV
[2026-04-05T01:02:12.410Z] 
🎮 Pokerface
[2026-04-05T01:02:12.410Z] 🔍 Fetching Twitch followers for pokerface
[2026-04-05T01:02:12.410Z] 🔍 Detecting partnership for pokerface
[2026-04-05T01:02:12.410Z] 
🎮 BakaPrase
[2026-04-05T01:02:12.410Z] 🔍 Fetching Kick followers for bakaprase
[2026-04-05T01:02:12.410Z] 🔍 Fetching Twitter followers for @BakaPrase
[2026-04-05T01:02:12.410Z] 
🎮 Adrianozendejas32
[2026-04-05T01:02:12.410Z] 🔍 Fetching Kick followers for adrianozendejas32
[2026-04-05T01:02:12.410Z] 🔍 Fetching Twitter followers for @adrianozendejas
[2026-04-05T01:02:12.410Z] 
🎮 Westcol
[2026-04-05T01:02:12.410Z] 🔍 Fetching Kick followers for westcol
[2026-04-05T01:02:12.410Z] 🔍 Fetching Twitter followers for @WestCOL
[2026-04-05T01:02:12.410Z] 
🎮 Clavicular
[2026-04-05T01:02:12.410Z] 🔍 Fetching Kick followers for clavicular
[2026-04-05T01:02:12.410Z] 🔍 Fetching Twitter followers for @Clavicular0
[2026-04-05T01:02:12.410Z] 
🎮 Willito
[2026-04-05T01:02:12.410Z] 🔍 Fetching Kick followers for willito
[2026-04-05T01:02:12.410Z] 🔍 Fetching Twitter followers for @willitooo_
[2026-04-05T01:02:12.410Z] 🔍 Detecting partnership for willito
[2026-04-05T01:02:12.410Z] 
🎮 Peller
[2026-04-05T01:02:12.410Z] 🔍 Fetching Kick followers for peller
[2026-04-05T01:02:12.410Z] 🔍 Fetching Twitter followers for @Peller089
[2026-04-05T01:02:12.410Z] 
🎮 Lasapaaaaa
[2026-04-05T01:02:12.410Z] 🔍 Fetching Kick followers for lasapaaaaa
[2026-04-05T01:02:12.410Z] 🔍 Fetching Twitter followers for @leandroloaizam
[2026-04-05T01:02:12.411Z] 
🎮 Wassimostv
[2026-04-05T01:02:12.411Z] 🔍 Fetching Kick followers for wassimostv
[2026-04-05T01:02:12.433Z] 🔍 Fetching Twitter followers for @wassimostv
[2026-04-05T01:02:12.433Z] 
🎮 Ismaelsanchez18
[2026-04-05T01:02:12.433Z] 🔍 Fetching Kick followers for ismaelsanchez18
[2026-04-05T01:02:12.433Z] 🔍 Detecting partnership for ismaelsanchez18
[2026-04-05T01:02:12.433Z] 
🎮 Chanty
[2026-04-05T01:02:12.433Z] 🔍 Fetching Kick followers for chanty
[2026-04-05T01:02:12.434Z] 🔍 Detecting partnership for chanty
[2026-04-05T01:02:12.434Z] 
✅ Scrape complete!
[2026-04-05T01:02:12.434Z]    Updated: 0 fields
[2026-04-05T01:02:12.434Z]    Discovered: 0 new streamers
[2026-04-05T01:02:12.434Z] 
📊 Market dominance:
[2026-04-05T01:02:12.434Z]    Stake: 10
[2026-04-05T01:02:12.434Z]    Shuffle: 2
[2026-04-05T01:02:12.434Z]    Vavada: 1
[2026-04-05T01:02:12.434Z]    Others: 7
[2026-04-05T01:02:12.434Z] 
💾 Saved to /Users/brandonkatz/.openclaw/workspace/crypto-casino-intel/data.json
